
> portfolio@0.1.0 build
> craco build

node.exe : [baseline-b
rowser-mapping] The 
data in this module 
is over two months 
old.  To ensure 
accurate Baseline 
data, please update: 
`npm i baseline-browse
r-mapping@latest -D`
At line:1 char:1
+ & "C:\Program Files\
nodejs/node.exe" "C:\U
sers\rajun\AppData\Roa
ming\ ...
+ ~~~~~~~~~~~~~~~~~~~~
~~~~~~~~~~~~~~~~~~~~~~
~~~~~~~~~~~~~~~~~~~~~~
~~~~~
    + CategoryInfo    
          : NotSpeci  
  fied: ([baseline-   
 brows...ping@late    
st -D`:String) []    
, RemoteException
    + FullyQualifiedE 
   rrorId : NativeCo  
  mmandError
 
Creating an optimized production build...
[baseline-browser-mapp
ing] The data in this 
module is over two 
months old.  To 
ensure accurate 
Baseline data, please 
update: `npm i baselin
e-browser-mapping@late
st -D`
Compiled with warnings.

[eslint] 
src\App.js
  Line 28:3:  'Navigate' is defined but never used  no-unused-vars

src\components\About\SkillBar.js
  Line 27:43:  The ref value 'barRef.current' will likely have changed by the time this effect cleanup function runs. If this ref points to a node rendered by React, copy 'barRef.current' to a variable inside the effect, and use that variable in the cleanup function  react-hooks/exhaustive-deps
  Line 123:8:  React Hook React.useEffect has a missing dependency: 'defaultSkills'. Either include it or remove the dependency array                                                                                                                                       react-hooks/exhaustive-deps

src\components\Admin\ManageHome.js
  Line 34:21:  Duplicate key 'linkedinLink'  no-dupe-keys

Search for the keywords to learn more about each warning.
To ignore, add // eslint-disable-next-line to the line before.

File sizes after gzip:

  397.22 kB  build\static\js\main.49071f69.js
  43.09 kB   build\static\css\main.71930a0e.css

The project was built assuming it is hosted at /.
You can control this with the homepage field in your package.json.

The build folder is ready to be deployed.
You may serve it with a static server:

  npm install -g serve
  serve -s build

Find out more about deployment here:

  https://cra.link/deployment

